AURORA: microkernel 0.2 / 64-bit
TASK ring3 id=0000000000000000 cr3=0000000000200000
TASK ring3 id=0000000000000001 cr3=0000000000210000
TASK ring3 id=0000000000000002 cr3=0000000000220000
TASK ring3 id=0000000000000003 cr3=0000000000230000
TASK ring3 id=0000000000000004 cr3=0000000000240000
TASK ring3 id=0000000000000005 cr3=0000000000250000
TASK ring3 id=0000000000000006 cr3=0000000000260000
TASK ring3 id=0000000000000007 cr3=0000000000270000
TASK ring3 id=0000000000000008 cr3=0000000000280000
TASK ring3 id=0000000000000009 cr3=0000000000290000
AURORA: private CR3, W^X, IPC, PIT preemption ready
INPUT: ring3 PS/2 + platform service ready
DISPLAY: ring3 framebuffer service ready
FAULT isolated task=0000000000000003 vector=000000000000000e address=0000000000010000 error=0000000000000007 rip=0000000000400035
FAULT isolated task=0000000000000004 vector=000000000000000e address=0000000002000000 error=0000000000000007 rip=00000000004001b4
FAULT isolated task=0000000000000005 vector=000000000000000d address=0000000000000000 error=0000000000000000 rip=000000000040005c
PROBE: syscall validation PASS; spinning without yielding
FAULT isolated task=0000000000000007 vector=000000000000000e address=00000000005f0000 error=0000000000000015 rip=00000000005f0000
FAULT isolated task=0000000000000008 vector=000000000000000e address=0000000000400000 error=0000000000000007 rip=00000000004001c2
FAULT isolated task=0000000000000009 vector=0000000000000006 address=0000000000000000 error=0000000000000000 rip=00000000004001cc
DESKTOP: ring3 GUI ready
AURORA: desktop ready (user mode + display IPC)
APP 1
COMMAND help
APP 1
COMMAND help
COMMAND clear
COMMAND about
APP 2
APP 0
APP 2
APP 3
APP /
APP 0
APP 2
APP 3
APP 1
COMMAND clear
COMMAND mem
APP 0
